
===========================================================================
 report_power
============================================================================


======================= Slowest Corner =================================

Group                  Internal  Switching    Leakage      Total
                          Power      Power      Power      Power (Watts)
----------------------------------------------------------------
Sequential             2.13e-02   1.60e-03   3.63e-04   2.32e-02  28.2%
Combinational          3.12e-02   2.70e-02   8.76e-04   5.91e-02  71.8%
Macro                  0.00e+00   0.00e+00   0.00e+00   0.00e+00   0.0%
Pad                    0.00e+00   0.00e+00   0.00e+00   0.00e+00   0.0%
----------------------------------------------------------------
Total                  5.24e-02   2.86e-02   1.24e-03   8.23e-02 100.0%
                          63.7%      34.8%       1.5%

======================= Typical Corner ===================================

Group                  Internal  Switching    Leakage      Total
                          Power      Power      Power      Power (Watts)
----------------------------------------------------------------
Sequential             2.71e-02   2.05e-03   2.09e-07   2.92e-02  28.5%
Combinational          3.85e-02   3.45e-02   1.41e-06   7.30e-02  71.5%
Macro                  0.00e+00   0.00e+00   0.00e+00   0.00e+00   0.0%
Pad                    0.00e+00   0.00e+00   0.00e+00   0.00e+00   0.0%
----------------------------------------------------------------
Total                  6.56e-02   3.66e-02   1.62e-06   1.02e-01 100.0%
                          64.2%      35.8%       0.0%


======================= Fastest Corner =================================

Group                  Internal  Switching    Leakage      Total
                          Power      Power      Power      Power (Watts)
----------------------------------------------------------------
Sequential             3.14e-02   2.43e-03   3.65e-07   3.39e-02  28.5%
Combinational          4.41e-02   4.07e-02   2.37e-06   8.48e-02  71.5%
Macro                  0.00e+00   0.00e+00   0.00e+00   0.00e+00   0.0%
Pad                    0.00e+00   0.00e+00   0.00e+00   0.00e+00   0.0%
----------------------------------------------------------------
Total                  7.55e-02   4.32e-02   2.74e-06   1.19e-01 100.0%
                          63.6%      36.4%       0.0%
